1 NegatedAtom token(t2033)
2 NegatedAtom token(t2157)
3 NegatedAtom token(t2078)
4 NegatedAtom token(t2062)
5 NegatedAtom token(t2064)
6 NegatedAtom token(t2066)
7 NegatedAtom token(t2076)
8 NegatedAtom token(t2061)
9 NegatedAtom token(t2074)
10 NegatedAtom token(t2068)
11 NegatedAtom token(t2070)
12 NegatedAtom token(t2072)
13 NegatedAtom token(t1997)
14 NegatedAtom token(t2007)
15 NegatedAtom token(t2248)
16 NegatedAtom token(t2231)
17 NegatedAtom token(t2197)
18 NegatedAtom token(t2180)
19 NegatedAtom token(t2192)
20 NegatedAtom token(t2195)
21 NegatedAtom token(t2190)
22 NegatedAtom token(t2194)
23 NegatedAtom token(t2182)
24 NegatedAtom token(t2184)
25 NegatedAtom token(t2186)
26 NegatedAtom token(t2188)
27 NegatedAtom token(t2208)
28 NegatedAtom token(t2210)
29 NegatedAtom token(t2209)
30 NegatedAtom token(t1741)
31 NegatedAtom token(t1996)
32 NegatedAtom token(t2006)
33 NegatedAtom token(t2032)
34 NegatedAtom token(t2240)
35 NegatedAtom token(t2242)
36 NegatedAtom token(t2244)
37 NegatedAtom token(t2246)
38 NegatedAtom token(t2143)
39 NegatedAtom token(t2145)
40 NegatedAtom token(t2147)
41 NegatedAtom token(t2149)
42 NegatedAtom token(t2153)
43 NegatedAtom token(t2155)
44 NegatedAtom token(t2108)
45 NegatedAtom token(t2105)
46 NegatedAtom token(t2081)
47 NegatedAtom token(t2080)
48 NegatedAtom token(t2082)
49 NegatedAtom token(t2085)
50 NegatedAtom token(t2084)
51 NegatedAtom token(t2083)
52 NegatedAtom token(t2221)
53 NegatedAtom token(t2229)
54 NegatedAtom token(t2251)
55 NegatedAtom token(t2233)
56 NegatedAtom token(t2235)
57 NegatedAtom token(t2223)
58 NegatedAtom token(t2225)
59 NegatedAtom token(t2201)
60 NegatedAtom token(t2211)
61 NegatedAtom token(t2213)
62 NegatedAtom token(t2097)
63 NegatedAtom token(t2099)
64 NegatedAtom token(t2250)
65 NegatedAtom token(t2199)
66 NegatedAtom token(t2058)
67 NegatedAtom token(t2115)
68 NegatedAtom token(t2113)
69 NegatedAtom token(t2095)
70 NegatedAtom token(t2137)
71 NegatedAtom token(t2161)
72 NegatedAtom token(t2151)
73 NegatedAtom token(t2159)
74 NegatedAtom token(t2127)
75 NegatedAtom token(t2086)
76 NegatedAtom token(t2264)
77 NegatedAtom token(t2256)
78 NegatedAtom token(t2227)
79 NegatedAtom token(t2237)
80 NegatedAtom token(t2252)
81 NegatedAtom token(t2203)
82 NegatedAtom token(t2215)
83 NegatedAtom token(t2101)
84 NegatedAtom token(t2103)
85 NegatedAtom token(t2111)
86 NegatedAtom token(t2165)
87 NegatedAtom token(t2163)
88 NegatedAtom token(t2132)
89 NegatedAtom token(t2141)
90 NegatedAtom token(t2139)
91 NegatedAtom token(t2134)
92 NegatedAtom token(t2131)
93 NegatedAtom token(t1966)
94 NegatedAtom token(t1967)
95 NegatedAtom token(t2174)
96 NegatedAtom token(t2169)
97 NegatedAtom token(t2118)
98 NegatedAtom token(t2122)
99 NegatedAtom token(t1984)
100 NegatedAtom token(t1986)
101 NegatedAtom token(t2002)
102 NegatedAtom token(t2004)
103 NegatedAtom token(t2088)
104 NegatedAtom token(t2258)
105 NegatedAtom token(t2239)
106 NegatedAtom token(t2205)
107 NegatedAtom token(t2129)
108 NegatedAtom token(t2167)
109 NegatedAtom token(t2022)
110 NegatedAtom token(t2025)
111 NegatedAtom token(t2117)
112 NegatedAtom token(t2260)
113 NegatedAtom token(t2217)
114 NegatedAtom token(t2220)
115 NegatedAtom token(t2219)
116 NegatedAtom token(t2057)
117 NegatedAtom token(t2094)
118 NegatedAtom token(t2136)
119 NegatedAtom token(t1961)
120 NegatedAtom token(t2124)
121 NegatedAtom token(t2125)
122 NegatedAtom token(t2026)
123 NegatedAtom token(t2178)
124 NegatedAtom token(t2176)
125 NegatedAtom token(t1995)
126 NegatedAtom token(t2110)
127 NegatedAtom token(t2060)
128 NegatedAtom token(t2173)
129 NegatedAtom token(t2042)
130 NegatedAtom token(t2044)
131 NegatedAtom token(t2045)
132 NegatedAtom token(t2121)
133 NegatedAtom token(t2120)
134 NegatedAtom token(t1964)
135 NegatedAtom token(t2266)
136 NegatedAtom token(t2056)
137 NegatedAtom token(t2093)
138 NegatedAtom token(t2020)
139 NegatedAtom token(t2023)
140 NegatedAtom token(t2207)
141 NegatedAtom token(t2090)
142 NegatedAtom token(t2254)
143 NegatedAtom token(t2253)
144 NegatedAtom token(t2263)
145 NegatedAtom token(t2255)
146 NegatedAtom token(t2262)
147 NegatedAtom token(t2179)
148 NegatedAtom token(t2171)
149 NegatedAtom token(t1976)
150 NegatedAtom token(t1977)
151 NegatedAtom token(t2010)
152 NegatedAtom token(t1978)
153 NegatedAtom token(t2092)
154 NegatedAtom token(t2019)
155 NegatedAtom token(t2107)
156 NegatedAtom token(t2126)
157 NegatedAtom token(t1988)
158 NegatedAtom token(t1987)
159 NegatedAtom token(t2053)
160 NegatedAtom token(t1973)
161 NegatedAtom token(t1969)
162 NegatedAtom token(t2009)
163 NegatedAtom token(t2041)
164 NegatedAtom token(t2031)
165 NegatedAtom token(t1975)
166 NegatedAtom token(t2087)
167 NegatedAtom token(t2158)
168 NegatedAtom token(t2069)
169 NegatedAtom token(t2071)
170 NegatedAtom token(t2073)
171 NegatedAtom token(t2075)
172 NegatedAtom token(t2181)
173 NegatedAtom token(t2196)
174 NegatedAtom token(t2193)
175 NegatedAtom token(t2198)
176 NegatedAtom token(t2175)
177 NegatedAtom token(t2257)
178 NegatedAtom token(t2259)
179 NegatedAtom token(t2261)
180 NegatedAtom token(t2140)
181 NegatedAtom token(t2135)
182 NegatedAtom token(t2138)
183 NegatedAtom token(t2170)
184 NegatedAtom token(t1994)
185 NegatedAtom token(t2177)
186 NegatedAtom token(t2168)
187 NegatedAtom token(t2172)
188 NegatedAtom token(t2043)
189 NegatedAtom token(t1972)
190 NegatedAtom token(t2166)
191 NegatedAtom token(t1985)
192 NegatedAtom token(t1980)
193 NegatedAtom token(t2052)
194 NegatedAtom token(t1968)
195 NegatedAtom token(t2018)
196 NegatedAtom token(t2008)
197 NegatedAtom token(t2040)
198 NegatedAtom token(t2011)
199 NegatedAtom token(t2030)
200 NegatedAtom token(t1974)
201 NegatedAtom token(t2154)
202 NegatedAtom token(t2156)
203 NegatedAtom token(t2160)
204 NegatedAtom token(t2063)
205 NegatedAtom token(t2065)
206 NegatedAtom token(t2067)
207 NegatedAtom token(t2077)
208 NegatedAtom token(t2079)
209 NegatedAtom token(t2232)
210 NegatedAtom token(t2183)
211 NegatedAtom token(t2185)
212 NegatedAtom token(t2187)
213 NegatedAtom token(t2189)
214 NegatedAtom token(t2191)
215 NegatedAtom token(t2222)
216 NegatedAtom token(t2224)
217 NegatedAtom token(t2226)
218 NegatedAtom token(t2228)
219 NegatedAtom token(t2202)
220 NegatedAtom token(t2212)
221 NegatedAtom token(t2214)
222 NegatedAtom token(t2216)
223 NegatedAtom token(t2218)
224 NegatedAtom token(t2200)
225 NegatedAtom token(t2204)
226 NegatedAtom token(t2206)
227 NegatedAtom token(t2249)
228 NegatedAtom token(t2112)
229 NegatedAtom token(t2109)
230 NegatedAtom token(t2096)
231 NegatedAtom token(t2114)
232 NegatedAtom token(t2059)
233 NegatedAtom token(t2142)
234 NegatedAtom token(t2265)
235 NegatedAtom token(t2164)
236 NegatedAtom token(t2091)
237 NegatedAtom token(t2027)
238 NegatedAtom token(t2133)
239 NegatedAtom token(t2162)
240 NegatedAtom token(t1965)
241 NegatedAtom token(t2089)
242 NegatedAtom token(t1963)
243 NegatedAtom token(t2230)
244 NegatedAtom token(t2234)
245 NegatedAtom token(t2236)
246 NegatedAtom token(t2238)
247 NegatedAtom token(t2241)
248 NegatedAtom token(t2243)
249 NegatedAtom token(t2245)
250 NegatedAtom token(t2247)
251 NegatedAtom token(t2144)
252 NegatedAtom token(t2146)
253 NegatedAtom token(t2148)
254 NegatedAtom token(t2150)
255 NegatedAtom token(t2152)
256 NegatedAtom token(t2130)
257 NegatedAtom token(t2098)
258 NegatedAtom token(t2100)
259 NegatedAtom token(t2102)
260 NegatedAtom token(t2104)
261 NegatedAtom token(t2106)
262 NegatedAtom token(t2123)
263 NegatedAtom token(t2116)
264 NegatedAtom token(t2119)
265 NegatedAtom token(t2128)
266 NegatedAtom token(t1990)
267 Atom tracepointer(evend)
268 Atom token(t1742)
