Atom colour(p5, mauve)
NegatedAtom colour(p5, black)
NegatedAtom colour(p5, blue)
Atom treatment(p5, colourfragments)
NegatedAtom colour(p5, natural)
Atom surface-condition(p5, rough)
NegatedAtom colour(p0, black)
NegatedAtom colour(p0, blue)
Atom colour(p0, natural)
Atom surface-condition(p0, smooth)
Atom treatment(p0, untreated)
Atom available(b0)
Atom empty(highspeed-saw0)
Atom available(b1)
NegatedAtom boardsize(b0, s4)
NegatedAtom boardsize(b1, s7)
NegatedAtom boardsize(b0, s3)
NegatedAtom boardsize(b1, s6)
NegatedAtom boardsize(b0, s2)
NegatedAtom boardsize(b1, s5)
NegatedAtom boardsize(b0, s1)
NegatedAtom boardsize(b1, s4)
NegatedAtom boardsize(b1, s3)
NegatedAtom boardsize(b1, s2)
NegatedAtom boardsize(b1, s1)
NegatedAtom colour(p1, black)
NegatedAtom colour(p3, black)
NegatedAtom colour(p2, black)
NegatedAtom colour(p4, black)
NegatedAtom colour(p1, blue)
NegatedAtom colour(p3, blue)
NegatedAtom colour(p4, blue)
Atom unused(p1)
NegatedAtom colour(p1, natural)
Atom unused(p3)
NegatedAtom colour(p3, natural)
Atom unused(p4)
NegatedAtom colour(p4, natural)
NegatedAtom colour(p2, natural)
NegatedAtom colour(p2, blue)
NegatedAtom available(p1)
NegatedAtom available(p4)
NegatedAtom available(p2)
NegatedAtom available(p3)
<none of those>
<none of those>
Atom unused(p2)
<none of those>
<none of those>
<none of those>
<none of those>
<none of those>
<none of those>
NegatedAtom colour(p5, mauve)
NegatedAtom colour(p5, black)
NegatedAtom colour(p5, blue)
Atom treatment(p5, untreated)
Atom colour(p5, natural)
Atom surface-condition(p5, smooth)
Atom colour(p0, black)
NegatedAtom colour(p0, blue)
NegatedAtom colour(p0, natural)
Atom surface-condition(p0, rough)
Atom treatment(p0, glazed)
Atom available(b0)
Atom empty(highspeed-saw0)
Atom available(b1)
NegatedAtom boardsize(b0, s4)
NegatedAtom boardsize(b1, s7)
NegatedAtom boardsize(b0, s3)
NegatedAtom boardsize(b1, s6)
NegatedAtom boardsize(b0, s2)
NegatedAtom boardsize(b1, s5)
NegatedAtom boardsize(b0, s1)
NegatedAtom boardsize(b1, s4)
NegatedAtom boardsize(b1, s3)
NegatedAtom boardsize(b1, s2)
NegatedAtom boardsize(b1, s1)
NegatedAtom colour(p1, black)
NegatedAtom colour(p3, black)
NegatedAtom colour(p2, black)
NegatedAtom colour(p4, black)
NegatedAtom colour(p1, blue)
NegatedAtom colour(p3, blue)
NegatedAtom colour(p4, blue)
Atom unused(p1)
NegatedAtom colour(p1, natural)
Atom unused(p3)
NegatedAtom colour(p3, natural)
Atom unused(p4)
NegatedAtom colour(p4, natural)
NegatedAtom colour(p2, natural)
NegatedAtom colour(p2, blue)
NegatedAtom available(p1)
NegatedAtom available(p4)
NegatedAtom available(p2)
NegatedAtom available(p3)
<none of those>
<none of those>
Atom unused(p2)
<none of those>
<none of those>
<none of those>
<none of those>
<none of those>
<none of those>
Atom colour(p5, mauve)
NegatedAtom colour(p5, black)
NegatedAtom colour(p5, blue)
Atom treatment(p5, colourfragments)
NegatedAtom colour(p5, natural)
Atom surface-condition(p5, rough)
Atom colour(p0, black)
NegatedAtom colour(p0, blue)
NegatedAtom colour(p0, natural)
Atom surface-condition(p0, rough)
Atom treatment(p0, glazed)
Atom available(b0)
Atom empty(highspeed-saw0)
Atom available(b1)
NegatedAtom boardsize(b0, s4)
NegatedAtom boardsize(b1, s7)
NegatedAtom boardsize(b0, s3)
NegatedAtom boardsize(b1, s6)
Atom boardsize(b0, s2)
NegatedAtom boardsize(b1, s5)
NegatedAtom boardsize(b0, s1)
NegatedAtom boardsize(b1, s4)
NegatedAtom boardsize(b1, s3)
NegatedAtom boardsize(b1, s2)
NegatedAtom boardsize(b1, s1)
NegatedAtom colour(p1, black)
NegatedAtom colour(p3, black)
NegatedAtom colour(p2, black)
NegatedAtom colour(p4, black)
NegatedAtom colour(p1, blue)
NegatedAtom colour(p3, blue)
NegatedAtom colour(p4, blue)
Atom treatment(p1, untreated)
Atom colour(p1, natural)
Atom unused(p3)
NegatedAtom colour(p3, natural)
Atom unused(p4)
NegatedAtom colour(p4, natural)
NegatedAtom colour(p2, natural)
NegatedAtom colour(p2, blue)
Atom available(p1)
NegatedAtom available(p4)
NegatedAtom available(p2)
NegatedAtom available(p3)
Atom surface-condition(p1, rough)
<none of those>
Atom unused(p2)
<none of those>
<none of those>
<none of those>
<none of those>
Atom wood(p1, cherry)
<none of those>
Atom colour(p5, mauve)
NegatedAtom colour(p5, black)
NegatedAtom colour(p5, blue)
Atom treatment(p5, colourfragments)
NegatedAtom colour(p5, natural)
Atom surface-condition(p5, rough)
Atom colour(p0, black)
NegatedAtom colour(p0, blue)
NegatedAtom colour(p0, natural)
Atom surface-condition(p0, rough)
Atom treatment(p0, glazed)
Atom available(b0)
Atom empty(highspeed-saw0)
Atom available(b1)
NegatedAtom boardsize(b0, s4)
NegatedAtom boardsize(b1, s7)
NegatedAtom boardsize(b0, s3)
NegatedAtom boardsize(b1, s6)
Atom boardsize(b0, s2)
NegatedAtom boardsize(b1, s5)
NegatedAtom boardsize(b0, s1)
NegatedAtom boardsize(b1, s4)
NegatedAtom boardsize(b1, s3)
NegatedAtom boardsize(b1, s2)
NegatedAtom boardsize(b1, s1)
NegatedAtom colour(p1, black)
NegatedAtom colour(p3, black)
NegatedAtom colour(p2, black)
NegatedAtom colour(p4, black)
NegatedAtom colour(p1, blue)
NegatedAtom colour(p3, blue)
NegatedAtom colour(p4, blue)
Atom unused(p1)
NegatedAtom colour(p1, natural)
Atom unused(p3)
NegatedAtom colour(p3, natural)
Atom unused(p4)
NegatedAtom colour(p4, natural)
Atom colour(p2, natural)
NegatedAtom colour(p2, blue)
NegatedAtom available(p1)
NegatedAtom available(p4)
Atom available(p2)
NegatedAtom available(p3)
<none of those>
<none of those>
Atom treatment(p2, untreated)
Atom surface-condition(p2, rough)
<none of those>
<none of those>
Atom wood(p2, cherry)
<none of those>
<none of those>
Atom colour(p5, mauve)
NegatedAtom colour(p5, black)
NegatedAtom colour(p5, blue)
Atom treatment(p5, colourfragments)
NegatedAtom colour(p5, natural)
Atom surface-condition(p5, rough)
Atom colour(p0, black)
NegatedAtom colour(p0, blue)
NegatedAtom colour(p0, natural)
Atom surface-condition(p0, rough)
Atom treatment(p0, glazed)
Atom available(b0)
Atom empty(highspeed-saw0)
Atom available(b1)
NegatedAtom boardsize(b0, s4)
NegatedAtom boardsize(b1, s7)
NegatedAtom boardsize(b0, s3)
NegatedAtom boardsize(b1, s6)
Atom boardsize(b0, s2)
NegatedAtom boardsize(b1, s5)
NegatedAtom boardsize(b0, s1)
NegatedAtom boardsize(b1, s4)
NegatedAtom boardsize(b1, s3)
NegatedAtom boardsize(b1, s2)
NegatedAtom boardsize(b1, s1)
NegatedAtom colour(p1, black)
NegatedAtom colour(p3, black)
NegatedAtom colour(p2, black)
NegatedAtom colour(p4, black)
NegatedAtom colour(p1, blue)
NegatedAtom colour(p3, blue)
NegatedAtom colour(p4, blue)
Atom unused(p1)
NegatedAtom colour(p1, natural)
Atom unused(p3)
NegatedAtom colour(p3, natural)
Atom treatment(p4, untreated)
Atom colour(p4, natural)
NegatedAtom colour(p2, natural)
NegatedAtom colour(p2, blue)
NegatedAtom available(p1)
Atom available(p4)
NegatedAtom available(p2)
NegatedAtom available(p3)
<none of those>
Atom surface-condition(p4, rough)
Atom unused(p2)
<none of those>
<none of those>
Atom wood(p4, cherry)
<none of those>
<none of those>
<none of those>
Atom colour(p5, mauve)
NegatedAtom colour(p5, black)
NegatedAtom colour(p5, blue)
Atom treatment(p5, colourfragments)
NegatedAtom colour(p5, natural)
Atom surface-condition(p5, rough)
Atom colour(p0, black)
NegatedAtom colour(p0, blue)
NegatedAtom colour(p0, natural)
Atom surface-condition(p0, rough)
Atom treatment(p0, glazed)
Atom available(b0)
Atom empty(highspeed-saw0)
Atom available(b1)
NegatedAtom boardsize(b0, s4)
NegatedAtom boardsize(b1, s7)
NegatedAtom boardsize(b0, s3)
NegatedAtom boardsize(b1, s6)
NegatedAtom boardsize(b0, s2)
Atom boardsize(b1, s5)
NegatedAtom boardsize(b0, s1)
NegatedAtom boardsize(b1, s4)
NegatedAtom boardsize(b1, s3)
NegatedAtom boardsize(b1, s2)
NegatedAtom boardsize(b1, s1)
NegatedAtom colour(p1, black)
NegatedAtom colour(p3, black)
NegatedAtom colour(p2, black)
NegatedAtom colour(p4, black)
NegatedAtom colour(p1, blue)
NegatedAtom colour(p3, blue)
NegatedAtom colour(p4, blue)
Atom treatment(p1, untreated)
Atom colour(p1, natural)
Atom unused(p3)
NegatedAtom colour(p3, natural)
Atom unused(p4)
NegatedAtom colour(p4, natural)
NegatedAtom colour(p2, natural)
NegatedAtom colour(p2, blue)
Atom available(p1)
NegatedAtom available(p4)
NegatedAtom available(p2)
NegatedAtom available(p3)
Atom surface-condition(p1, smooth)
<none of those>
Atom unused(p2)
<none of those>
<none of those>
<none of those>
<none of those>
Atom wood(p1, pine)
<none of those>
Atom colour(p5, mauve)
NegatedAtom colour(p5, black)
NegatedAtom colour(p5, blue)
Atom treatment(p5, colourfragments)
NegatedAtom colour(p5, natural)
Atom surface-condition(p5, rough)
Atom colour(p0, black)
NegatedAtom colour(p0, blue)
NegatedAtom colour(p0, natural)
Atom surface-condition(p0, rough)
Atom treatment(p0, glazed)
Atom available(b0)
Atom empty(highspeed-saw0)
Atom available(b1)
NegatedAtom boardsize(b0, s4)
NegatedAtom boardsize(b1, s7)
NegatedAtom boardsize(b0, s3)
NegatedAtom boardsize(b1, s6)
NegatedAtom boardsize(b0, s2)
Atom boardsize(b1, s5)
NegatedAtom boardsize(b0, s1)
NegatedAtom boardsize(b1, s4)
NegatedAtom boardsize(b1, s3)
NegatedAtom boardsize(b1, s2)
NegatedAtom boardsize(b1, s1)
NegatedAtom colour(p1, black)
NegatedAtom colour(p3, black)
NegatedAtom colour(p2, black)
NegatedAtom colour(p4, black)
NegatedAtom colour(p1, blue)
NegatedAtom colour(p3, blue)
NegatedAtom colour(p4, blue)
Atom unused(p1)
NegatedAtom colour(p1, natural)
Atom unused(p3)
NegatedAtom colour(p3, natural)
Atom unused(p4)
NegatedAtom colour(p4, natural)
Atom colour(p2, natural)
NegatedAtom colour(p2, blue)
NegatedAtom available(p1)
NegatedAtom available(p4)
Atom available(p2)
NegatedAtom available(p3)
<none of those>
<none of those>
Atom treatment(p2, untreated)
Atom surface-condition(p2, smooth)
<none of those>
<none of those>
Atom wood(p2, pine)
<none of those>
<none of those>
Atom colour(p5, mauve)
NegatedAtom colour(p5, black)
NegatedAtom colour(p5, blue)
Atom treatment(p5, colourfragments)
NegatedAtom colour(p5, natural)
Atom surface-condition(p5, rough)
Atom colour(p0, black)
NegatedAtom colour(p0, blue)
NegatedAtom colour(p0, natural)
Atom surface-condition(p0, rough)
Atom treatment(p0, glazed)
Atom available(b0)
Atom empty(highspeed-saw0)
Atom available(b1)
NegatedAtom boardsize(b0, s4)
NegatedAtom boardsize(b1, s7)
NegatedAtom boardsize(b0, s3)
NegatedAtom boardsize(b1, s6)
NegatedAtom boardsize(b0, s2)
Atom boardsize(b1, s5)
NegatedAtom boardsize(b0, s1)
NegatedAtom boardsize(b1, s4)
NegatedAtom boardsize(b1, s3)
NegatedAtom boardsize(b1, s2)
NegatedAtom boardsize(b1, s1)
NegatedAtom colour(p1, black)
NegatedAtom colour(p3, black)
NegatedAtom colour(p2, black)
NegatedAtom colour(p4, black)
NegatedAtom colour(p1, blue)
NegatedAtom colour(p3, blue)
NegatedAtom colour(p4, blue)
Atom unused(p1)
NegatedAtom colour(p1, natural)
Atom unused(p3)
NegatedAtom colour(p3, natural)
Atom treatment(p4, untreated)
Atom colour(p4, natural)
NegatedAtom colour(p2, natural)
NegatedAtom colour(p2, blue)
NegatedAtom available(p1)
Atom available(p4)
NegatedAtom available(p2)
NegatedAtom available(p3)
<none of those>
Atom surface-condition(p4, smooth)
Atom unused(p2)
<none of those>
<none of those>
Atom wood(p4, pine)
<none of those>
<none of those>
<none of those>
Atom colour(p5, mauve)
NegatedAtom colour(p5, black)
NegatedAtom colour(p5, blue)
Atom treatment(p5, colourfragments)
NegatedAtom colour(p5, natural)
Atom surface-condition(p5, rough)
Atom colour(p0, black)
NegatedAtom colour(p0, blue)
NegatedAtom colour(p0, natural)
Atom surface-condition(p0, rough)
Atom treatment(p0, glazed)
Atom available(b0)
Atom empty(highspeed-saw0)
Atom available(b1)
Atom boardsize(b0, s4)
NegatedAtom boardsize(b1, s7)
NegatedAtom boardsize(b0, s3)
NegatedAtom boardsize(b1, s6)
NegatedAtom boardsize(b0, s2)
NegatedAtom boardsize(b1, s5)
NegatedAtom boardsize(b0, s1)
NegatedAtom boardsize(b1, s4)
NegatedAtom boardsize(b1, s3)
NegatedAtom boardsize(b1, s2)
NegatedAtom boardsize(b1, s1)
NegatedAtom colour(p1, black)
NegatedAtom colour(p3, black)
NegatedAtom colour(p2, black)
NegatedAtom colour(p4, black)
NegatedAtom colour(p1, blue)
NegatedAtom colour(p3, blue)
NegatedAtom colour(p4, blue)
Atom unused(p1)
NegatedAtom colour(p1, natural)
Atom treatment(p3, untreated)
Atom colour(p3, natural)
Atom unused(p4)
NegatedAtom colour(p4, natural)
NegatedAtom colour(p2, natural)
NegatedAtom colour(p2, blue)
NegatedAtom available(p1)
NegatedAtom available(p4)
NegatedAtom available(p2)
Atom available(p3)
<none of those>
<none of those>
Atom unused(p2)
<none of those>
Atom surface-condition(p3, rough)
<none of those>
<none of those>
<none of those>
Atom wood(p3, cherry)
Atom colour(p5, mauve)
NegatedAtom colour(p5, black)
NegatedAtom colour(p5, blue)
Atom treatment(p5, colourfragments)
NegatedAtom colour(p5, natural)
Atom surface-condition(p5, rough)
Atom colour(p0, black)
NegatedAtom colour(p0, blue)
NegatedAtom colour(p0, natural)
Atom surface-condition(p0, rough)
Atom treatment(p0, glazed)
Atom available(b0)
Atom empty(highspeed-saw0)
Atom available(b1)
NegatedAtom boardsize(b0, s4)
Atom boardsize(b1, s7)
NegatedAtom boardsize(b0, s3)
NegatedAtom boardsize(b1, s6)
NegatedAtom boardsize(b0, s2)
NegatedAtom boardsize(b1, s5)
NegatedAtom boardsize(b0, s1)
NegatedAtom boardsize(b1, s4)
NegatedAtom boardsize(b1, s3)
NegatedAtom boardsize(b1, s2)
NegatedAtom boardsize(b1, s1)
NegatedAtom colour(p1, black)
NegatedAtom colour(p3, black)
NegatedAtom colour(p2, black)
NegatedAtom colour(p4, black)
NegatedAtom colour(p1, blue)
NegatedAtom colour(p3, blue)
NegatedAtom colour(p4, blue)
Atom unused(p1)
NegatedAtom colour(p1, natural)
Atom treatment(p3, untreated)
Atom colour(p3, natural)
Atom unused(p4)
NegatedAtom colour(p4, natural)
NegatedAtom colour(p2, natural)
NegatedAtom colour(p2, blue)
NegatedAtom available(p1)
NegatedAtom available(p4)
NegatedAtom available(p2)
Atom available(p3)
<none of those>
<none of those>
Atom unused(p2)
<none of those>
Atom surface-condition(p3, smooth)
<none of those>
<none of those>
<none of those>
Atom wood(p3, pine)
Atom colour(p5, mauve)
NegatedAtom colour(p5, black)
NegatedAtom colour(p5, blue)
Atom treatment(p5, colourfragments)
NegatedAtom colour(p5, natural)
Atom surface-condition(p5, rough)
Atom colour(p0, black)
NegatedAtom colour(p0, blue)
NegatedAtom colour(p0, natural)
Atom surface-condition(p0, rough)
Atom treatment(p0, glazed)
NegatedAtom available(b0)
Atom in-highspeed-saw(b0, highspeed-saw0)
Atom available(b1)
NegatedAtom boardsize(b0, s4)
NegatedAtom boardsize(b1, s7)
NegatedAtom boardsize(b0, s3)
NegatedAtom boardsize(b1, s6)
NegatedAtom boardsize(b0, s2)
NegatedAtom boardsize(b1, s5)
NegatedAtom boardsize(b0, s1)
NegatedAtom boardsize(b1, s4)
NegatedAtom boardsize(b1, s3)
NegatedAtom boardsize(b1, s2)
NegatedAtom boardsize(b1, s1)
NegatedAtom colour(p1, black)
NegatedAtom colour(p3, black)
NegatedAtom colour(p2, black)
NegatedAtom colour(p4, black)
NegatedAtom colour(p1, blue)
NegatedAtom colour(p3, blue)
NegatedAtom colour(p4, blue)
Atom unused(p1)
NegatedAtom colour(p1, natural)
Atom unused(p3)
NegatedAtom colour(p3, natural)
Atom unused(p4)
NegatedAtom colour(p4, natural)
NegatedAtom colour(p2, natural)
NegatedAtom colour(p2, blue)
NegatedAtom available(p1)
NegatedAtom available(p4)
NegatedAtom available(p2)
NegatedAtom available(p3)
<none of those>
<none of those>
Atom unused(p2)
<none of those>
<none of those>
<none of those>
<none of those>
<none of those>
<none of those>
Atom colour(p5, mauve)
NegatedAtom colour(p5, black)
NegatedAtom colour(p5, blue)
Atom treatment(p5, colourfragments)
NegatedAtom colour(p5, natural)
Atom surface-condition(p5, rough)
Atom colour(p0, black)
NegatedAtom colour(p0, blue)
NegatedAtom colour(p0, natural)
Atom surface-condition(p0, rough)
Atom treatment(p0, glazed)
Atom available(b0)
Atom in-highspeed-saw(b1, highspeed-saw0)
NegatedAtom available(b1)
NegatedAtom boardsize(b0, s4)
NegatedAtom boardsize(b1, s7)
NegatedAtom boardsize(b0, s3)
NegatedAtom boardsize(b1, s6)
NegatedAtom boardsize(b0, s2)
NegatedAtom boardsize(b1, s5)
NegatedAtom boardsize(b0, s1)
NegatedAtom boardsize(b1, s4)
NegatedAtom boardsize(b1, s3)
NegatedAtom boardsize(b1, s2)
NegatedAtom boardsize(b1, s1)
NegatedAtom colour(p1, black)
NegatedAtom colour(p3, black)
NegatedAtom colour(p2, black)
NegatedAtom colour(p4, black)
NegatedAtom colour(p1, blue)
NegatedAtom colour(p3, blue)
NegatedAtom colour(p4, blue)
Atom unused(p1)
NegatedAtom colour(p1, natural)
Atom unused(p3)
NegatedAtom colour(p3, natural)
Atom unused(p4)
NegatedAtom colour(p4, natural)
NegatedAtom colour(p2, natural)
NegatedAtom colour(p2, blue)
NegatedAtom available(p1)
NegatedAtom available(p4)
NegatedAtom available(p2)
NegatedAtom available(p3)
<none of those>
<none of those>
Atom unused(p2)
<none of those>
<none of those>
<none of those>
<none of those>
<none of those>
<none of those>
